[2025/04/20-16:19:04]--Environment: Mesh on.
[2025/04/20-16:19:04]--
                       WARNING [Signal Net Padstack]: Signal net [/DSP_Temperature1] lacks pad and/or antipad values in padstack [r1100_0].
                       WARNING [Signal Net Padstack]: Signal net [/DSP_Temperature2] lacks pad and/or antipad values in padstack [r1100_0].
                       WARNING [Signal Net Padstack]: Signal net [/DSP_Temperature3] lacks pad and/or antipad values in padstack [r1100_0].
                       WARNING [Signal Net Padstack]: Signal net [/DSP_Temperature4] lacks pad and/or antipad values in padstack [r1100_0].
                       WARNING [Signal Net Padstack]: Signal net [/DSP_VDC_BUS1] lacks pad and/or antipad values in padstack [r1100_0].
                       WARNING [Signal Net Padstack]: Signal net [/DSP_VDC_BUS2] lacks pad and/or antipad values in padstack [r1100_0].
                       WARNING [Signal Net Padstack]: Signal net [/DSP_VDC_BUS3] lacks pad and/or antipad values in padstack [r1100_0].
                       WARNING [Signal Net Padstack]: Signal net [/DSP_VDC_BUS4] lacks pad and/or antipad values in padstack [r1100_0].
                       WARNING [Signal Net Padstack]: Signal net [/ADC_DO_W_3] lacks pad and/or antipad values in padstack [r1100_0].
                       WARNING [Signal Net Padstack]: Signal net [/ESC_LED_LINK0] lacks pad and/or antipad values in padstack [r1020_0].
                       WARNING [Signal Net Padstack]: Signal net [/ESC_LED_LINK1] lacks pad and/or antipad values in padstack [r1020_0].
                       WARNING [Signal Net Padstack]: Signal net [/ESC_PHY0] lacks pad and/or antipad values in padstack [r1020_0].
                       WARNING [Signal Net Padstack]: Signal net [/CAN_H1] lacks pad and/or antipad values in padstack [r1200_0].
                       WARNING [Signal Net Padstack]: Signal net [/ESC_PHY1] lacks pad and/or antipad values in padstack [r1020_0].
                       WARNING [Signal Net Padstack]: Signal net [/CAN_H2] lacks pad and/or antipad values in padstack [r1200_0].
                       WARNING [Signal Net Padstack]: Signal net [/FSI_RXA_CLK] lacks pad and/or antipad values in padstack [r1100_0].
                       WARNING [Signal Net Padstack]: Signal net [/FSI_RXA_D0] lacks pad and/or antipad values in padstack [r1100_0].
                       WARNING [Signal Net Padstack]: Signal net [/FSI_RXA_D1] lacks pad and/or antipad values in padstack [r1100_0].
                       WARNING [Signal Net Padstack]: Signal net [/CAN_L1] lacks pad and/or antipad values in padstack [r1200_0].
                       WARNING [Signal Net Padstack]: Signal net [/FSI_RXB_CLK] lacks pad and/or antipad values in padstack [r1100_0].
                       WARNING [Signal Net Padstack]: Signal net [/FSI_RXB_D0] lacks pad and/or antipad values in padstack [r1100_0].
                       WARNING [Signal Net Padstack]: Signal net [/FSI_RXB_D1] lacks pad and/or antipad values in padstack [r1100_0].
                       WARNING [Signal Net Padstack]: Signal net [/FSI_TXA_CLK] lacks pad and/or antipad values in padstack [r1100_0].
                       WARNING [Signal Net Padstack]: Signal net [/FSI_TXA_D0] lacks pad and/or antipad values in padstack [r1100_0].
                       WARNING [Signal Net Padstack]: Signal net [/FSI_TXA_D1] lacks pad and/or antipad values in padstack [r1100_0].
                       WARNING [Signal Net Padstack]: Signal net [/FSI_TXB_CLK] lacks pad and/or antipad values in padstack [r1100_0].
                       WARNING [Signal Net Padstack]: Signal net [/FSI_TXB_D0] lacks pad and/or antipad values in padstack [r1100_0].
                       WARNING [Signal Net Padstack]: Signal net [/FSI_TXB_D1] lacks pad and/or antipad values in padstack [r1100_0].
                       WARNING [Signal Net Padstack]: Signal net [/CAN_L2] lacks pad and/or antipad values in padstack [r1200_0].
                       WARNING [Signal Net Padstack]: Signal net [/HALL_U_H] lacks pad and/or antipad values in padstack [r1000_0].
                       WARNING [Signal Net Padstack]: Signal net [/HALL_U_L] lacks pad and/or antipad values in padstack [r1000_0].
                       WARNING [Signal Net Padstack]: Signal net [/HALL_V_H] lacks pad and/or antipad values in padstack [r1000_0].
                       WARNING [Signal Net Padstack]: Signal net [/HALL_V_L] lacks pad and/or antipad values in padstack [r1000_0].
                       WARNING [Signal Net Padstack]: Signal net [/HALL_W_H] lacks pad and/or antipad values in padstack [r1000_0].
                       WARNING [Signal Net Padstack]: Signal net [/HALL_W_L] lacks pad and/or antipad values in padstack [r1000_0].
                       WARNING [Signal Net Padstack]: Signal net [/MCU_EnDI_B1] lacks pad and/or antipad values in padstack [r1100_0].
                       WARNING [Signal Net Padstack]: Signal net [/MCU_EnDO_B1] lacks pad and/or antipad values in padstack [r1100_0].
                       WARNING [Signal Net Padstack]: Signal net [/MQEP1A_H] lacks pad and/or antipad values in padstack [r1000_0].
                       WARNING [Signal Net Padstack]: Signal net [/MQEP1A_L] lacks pad and/or antipad values in padstack [r1000_0].
                       WARNING [Signal Net Padstack]: Signal net [/MQEP1B_H] lacks pad and/or antipad values in padstack [r1000_0].
                       WARNING [Signal Net Padstack]: Signal net [/MQEP1B_L] lacks pad and/or antipad values in padstack [r1000_0].
                       WARNING [Signal Net Padstack]: Signal net [/MQEP1Z_H] lacks pad and/or antipad values in padstack [r1000_0].
                       WARNING [Signal Net Padstack]: Signal net [/MQEP1Z_L] lacks pad and/or antipad values in padstack [r1000_0].
                       WARNING [Signal Net Padstack]: Signal net [/MSCLA] lacks pad and/or antipad values in padstack [r1100_0].
                       WARNING [Signal Net Padstack]: Signal net [/MSCLB] lacks pad and/or antipad values in padstack [r1100_0].
                       WARNING [Signal Net Padstack]: Signal net [/MSDAA] lacks pad and/or antipad values in padstack [r1100_0].
                       WARNING [Signal Net Padstack]: Signal net [/MSDAB] lacks pad and/or antipad values in padstack [r1100_0].
                       WARNING [Signal Net Padstack]: Signal net [/RS485-C+_1] lacks pad and/or antipad values in padstack [r1100_0].
                       WARNING [Signal Net Padstack]: Signal net [/RS485-C+_2] lacks pad and/or antipad values in padstack [r1100_0].
                       WARNING [Signal Net Padstack]: Signal net [/RS485-C+_3] lacks pad and/or antipad values in padstack [r1100_0].
                       WARNING [Signal Net Padstack]: Signal net [/RS485-C+_4] lacks pad and/or antipad values in padstack [r1100_0].
                       WARNING [Signal Net Padstack]: Signal net [/RS485-C-_1] lacks pad and/or antipad values in padstack [r1100_0].
                       WARNING [Signal Net Padstack]: Signal net [/RS485-C-_2] lacks pad and/or antipad values in padstack [r1100_0].
                       WARNING [Signal Net Padstack]: Signal net [/RS485-C-_3] lacks pad and/or antipad values in padstack [r1100_0].
                       WARNING [Signal Net Padstack]: Signal net [/RS485-C-_4] lacks pad and/or antipad values in padstack [r1100_0].
                       WARNING [Signal Net Padstack]: Signal net [/RS485-D+_1] lacks pad and/or antipad values in padstack [r1100_0].
                       WARNING [Signal Net Padstack]: Signal net [/RS485-D+_2] lacks pad and/or antipad values in padstack [r1100_0].
                       WARNING [Signal Net Padstack]: Signal net [/RS485-D+_3] lacks pad and/or antipad values in padstack [r1100_0].
                       WARNING [Signal Net Padstack]: Signal net [/RS485-D+_4] lacks pad and/or antipad values in padstack [r1100_0].
                       WARNING [Signal Net Padstack]: Signal net [/RS485-D-_1] lacks pad and/or antipad values in padstack [r1100_0].
                       WARNING [Signal Net Padstack]: Signal net [/RS485-D-_2] lacks pad and/or antipad values in padstack [r1100_0].
                       WARNING [Signal Net Padstack]: Signal net [/RS485-D-_3] lacks pad and/or antipad values in padstack [r1100_0].
                       WARNING [Signal Net Padstack]: Signal net [/RS485-D-_4] lacks pad and/or antipad values in padstack [r1100_0].
                       WARNING [Signal Net Padstack]: Signal net [/SPI_A_CK_HS] lacks pad and/or antipad values in padstack [r1100_0].
                       WARNING [Signal Net Padstack]: Signal net [/SPI_A_MI_HS] lacks pad and/or antipad values in padstack [r1100_0].
                       WARNING [Signal Net Padstack]: Signal net [/SPI_A_MO_HS] lacks pad and/or antipad values in padstack [r1100_0].
                       WARNING [Signal Net Padstack]: Signal net [/DSP-PWM11A] lacks pad and/or antipad values in padstack [r1100_0].
                       WARNING [Signal Net Padstack]: Signal net [/~{SPI_A_STE_HS}] lacks pad and/or antipad values in padstack [r1100_0].
                       WARNING [Signal Net Padstack]: Signal net [/DSP-PWM11B] lacks pad and/or antipad values in padstack [r1100_0].
                       WARNING [Signal Net Padstack]: Signal net [/DSP-PWM2B] lacks pad and/or antipad values in padstack [r1100_0].
                       WARNING [Signal Net Padstack]: Signal net [Net-(CN1-Pad1)] lacks pad and/or antipad values in padstack [r1200_0].
                       WARNING [Signal Net Padstack]: Signal net [Net-(CN1-Pad3)] lacks pad and/or antipad values in padstack [r1200_0].
                       WARNING [Signal Net Padstack]: Signal net [Net-(CN2-Pad1)] lacks pad and/or antipad values in padstack [r1200_0].
                       WARNING [Signal Net Padstack]: Signal net [Net-(CN2-Pad3)] lacks pad and/or antipad values in padstack [r1200_0].
                       WARNING [Signal Net Padstack]: Signal net [Net-(J1-Pin_3)] lacks pad and/or antipad values in padstack [r1000_0].
                       WARNING [Signal Net Padstack]: Signal net [Net-(J2-Pin_3)] lacks pad and/or antipad values in padstack [r1000_0].
                       WARNING [Signal Net Padstack]: Signal net [Net-(Q17-RD_M)] lacks pad and/or antipad values in padstack [r900_0].
                       WARNING [Signal Net Padstack]: Signal net [Net-(Q17-RD_P)] lacks pad and/or antipad values in padstack [r900_0].
                       WARNING [Signal Net Padstack]: Signal net [Net-(Q17-TD_M)] lacks pad and/or antipad values in padstack [r900_0].
                       WARNING [Signal Net Padstack]: Signal net [Net-(Q17-TD_P)] lacks pad and/or antipad values in padstack [r900_0].
                       WARNING [Signal Net Padstack]: Signal net [Net-(Q18-RD_M)] lacks pad and/or antipad values in padstack [r900_0].
                       WARNING [Signal Net Padstack]: Signal net [Net-(Q18-RD_P)] lacks pad and/or antipad values in padstack [r900_0].
                       WARNING [Signal Net Padstack]: Signal net [Net-(Q18-TD_M)] lacks pad and/or antipad values in padstack [r900_0].
                       WARNING [Signal Net Padstack]: Signal net [Net-(Q18-TD_P)] lacks pad and/or antipad values in padstack [r900_0].
                       WARNING [Signal Net Padstack]: Signal net [Net-(R129-Pad2)] lacks pad and/or antipad values in padstack [r1020_0].
                       WARNING [Signal Net Padstack]: Signal net [Net-(R130-Pad2)] lacks pad and/or antipad values in padstack [r1020_0].
                       WARNING [Signal Net Padstack]: Signal net [Net-(RJ1_1B-11)] lacks pad and/or antipad values in padstack [r1020_0].
                       WARNING [Signal Net Padstack]: Signal net [Net-(RJ1_1B-9)] lacks pad and/or antipad values in padstack [r1020_0].
                       WARNING [Signal Net Padstack]: Signal net [unconnected-(DSUB2-Pad6)] lacks pad and/or antipad values in padstack [r1100_0].
                       WARNING [Signal Net Padstack]: Signal net [unconnected-(DSUB2-Pad7)] lacks pad and/or antipad values in padstack [r1100_0].
                       WARNING [Signal Net Padstack]: Signal net [unconnected-(DSUB2-Pad8)] lacks pad and/or antipad values in padstack [r1100_0].
                       WARNING [Signal Net Padstack]: Signal net [unconnected-(DSUB3-Pad6)] lacks pad and/or antipad values in padstack [r1100_0].
                       WARNING [Signal Net Padstack]: Signal net [unconnected-(DSUB3-Pad7)] lacks pad and/or antipad values in padstack [r1100_0].
                       WARNING [Signal Net Padstack]: Signal net [unconnected-(DSUB3-Pad8)] lacks pad and/or antipad values in padstack [r1100_0].
                       WARNING [Signal Net Padstack]: Signal net [unconnected-(DSUB4-Pad6)] lacks pad and/or antipad values in padstack [r1100_0].
                       WARNING [Signal Net Padstack]: Signal net [unconnected-(DSUB4-Pad7)] lacks pad and/or antipad values in padstack [r1100_0].
                       WARNING [Signal Net Padstack]: Signal net [unconnected-(DSUB4-Pad8)] lacks pad and/or antipad values in padstack [r1100_0].
                       WARNING [Signal Net Padstack]: Signal net [unconnected-(DSUB5-Pad6)] lacks pad and/or antipad values in padstack [r1100_0].
                       WARNING [Signal Net Padstack]: Signal net [unconnected-(DSUB5-Pad7)] lacks pad and/or antipad values in padstack [r1100_0].
                       WARNING [Signal Net Padstack]: Signal net [unconnected-(DSUB5-Pad8)] lacks pad and/or antipad values in padstack [r1100_0].
                       WARNING [Signal Net Padstack]: Signal net [unconnected-(J7-Pad10)] lacks pad and/or antipad values in padstack [r1100_0].
                       WARNING [Signal Net Padstack]: Signal net [unconnected-(J7-Pad9)] lacks pad and/or antipad values in padstack [r1100_0].
                       WARNING [Signal Net Padstack]: Signal net [unconnected-(Q46-PadEP)] lacks pad and/or antipad values in padstack [oval600_0x1700_0].
                       WARNING [Signal Net Padstack]: Signal net [unconnected-(Q46-PadEP)_1] lacks pad and/or antipad values in padstack [oval600_0x1700_0].
                       WARNING [Signal Net Padstack]: Signal net [unconnected-(Q46-PadEP)_2] lacks pad and/or antipad values in padstack [oval600_0x1400_0].
                       WARNING [Signal Net Padstack]: Signal net [unconnected-(Q46-PadEP)_3] lacks pad and/or antipad values in padstack [oval600_0x1400_0].
                       WARNING [Signal Net Padstack]: Signal net [unconnected-(RJ1_1A-NC-Pad7)] lacks pad and/or antipad values in padstack [r900_0].
                       WARNING [Signal Net Padstack]: Signal net [unconnected-(RJ1_1A-RCT-Pad3)] lacks pad and/or antipad values in padstack [r900_0].
                       WARNING [Signal Net Padstack]: Signal net [unconnected-(RJ1_1A-TCT-Pad4)] lacks pad and/or antipad values in padstack [r900_0].
                       WARNING [Signal Net Padstack]: Signal net [unconnected-(RJ1_1B-NC-PadP7)] lacks pad and/or antipad values in padstack [r900_0].
                       WARNING [Signal Net Padstack]: Signal net [unconnected-(RJ1_1B-RCT-PadP3)] lacks pad and/or antipad values in padstack [r900_0].
                       WARNING [Signal Net Padstack]: Signal net [unconnected-(RJ1_1B-TCT-PadP4)] lacks pad and/or antipad values in padstack [r900_0].
                       WARNING [Signal Net Padstack]: Signal net [unconnected-(U7-A2-Pad26)] lacks pad and/or antipad values in padstack [r1100_0].
                       WARNING [Signal Net Padstack]: Signal net [unconnected-(U7-A3-Pad24)] lacks pad and/or antipad values in padstack [r1100_0].
                       WARNING [Signal Net Padstack]: Signal net [/DSP-PWM7A] lacks pad and/or antipad values in padstack [r1100_0].
                       WARNING [Signal Net Padstack]: Signal net [/DSP-PWM7B] lacks pad and/or antipad values in padstack [r1100_0].
                       WARNING [Signal Net Padstack]: Signal net [/DSP_A_CAN_EN] lacks pad and/or antipad values in padstack [r1100_0].
                       WARNING [Signal Net Padstack]: Signal net [/DSP_A_CAN_RX] lacks pad and/or antipad values in padstack [r1100_0].
                       WARNING [Signal Net Padstack]: Signal net [/DSP_A_CAN_TX] lacks pad and/or antipad values in padstack [r1100_0].
                       WARNING [Signal Net Padstack]: Signal net [/DSP_B_CAN_EN] lacks pad and/or antipad values in padstack [r1100_0].
                       WARNING [Signal Net Padstack]: Signal net [/DSP_B_CAN_RX] lacks pad and/or antipad values in padstack [r1100_0].
                       WARNING [Signal Net Padstack]: Signal net [/DSP_B_CAN_TX] lacks pad and/or antipad values in padstack [r1100_0].
                       WARNING [Signal Net Padstack]: Signal net [/DSP_Discharge1_EN] lacks pad and/or antipad values in padstack [r1100_0].
                       ****Summary: Miscellaneous check, Error(s) = 0, Warning(s) = 123
[2025/04/20-16:19:04]--
                       ****Summary: Variables checks, Error(s) = 0, Warning(s) = 0
[2025/04/20-16:19:04]--
                       0 error(s) 123 warning(s) found in SPD file "sheet1-odb.spd"
                       
                       
